// Jest Snapshot v1, https://goo.gl/fbAQLP

exports[`test Button Button snapshot 1`] = `
Object {
  "asFragment": [Function],
  "baseElement": .c0 {
  background-color: #6b068a;
  padding: 5px 27px;
  font-size: 16px;
  line-height: 19px;
  color: #ffffff;
  border-radius: 15px;
  font-size: 24px;
  line-height: 28px;
  border: none;
  outline: none;
  cursor: pointer;
}

.c0.login {
  padding: 9px 51px;
}

.c0:disabled {
  opacity: 0.7;
}

.c0:hover {
  background-color: #c913d6;
}

.c0.categories {
  margin-bottom: 12px;
  padding: 4px 12px;
  margin-right: 12px;
}

.c0.cardItem {
  font-size: 16px;
  line-height: 19px;
  padding: 5px 27px;
}

.c0.order {
  display: -webkit-box;
  display: -webkit-flex;
  display: -ms-flexbox;
  display: flex;
  -webkit-box-pack: center;
  -webkit-justify-content: center;
  -ms-flex-pack: center;
  justify-content: center;
  -webkit-align-items: center;
  -webkit-box-align: center;
  -ms-flex-align: center;
  align-items: center;
}

.c0.goToOrder {
  display: -webkit-box;
  display: -webkit-flex;
  display: -ms-flexbox;
  display: flex;
  -webkit-box-pack: center;
  -webkit-justify-content: center;
  -ms-flex-pack: center;
  justify-content: center;
  -webkit-align-items: center;
  -webkit-box-align: center;
  -ms-flex-align: center;
  align-items: center;
  padding: 13px 54px;
  font-weight: 600;
}

@media screen and (min-width:768px) {
  .c0.categories {
    padding: 8px 23px;
    margin-right: 24px;
  }
}

<body>
    <div>
      <button
        class="c0"
        type="button"
      />
    </div>
  </body>,
  "container": .c0 {
  background-color: #6b068a;
  padding: 5px 27px;
  font-size: 16px;
  line-height: 19px;
  color: #ffffff;
  border-radius: 15px;
  font-size: 24px;
  line-height: 28px;
  border: none;
  outline: none;
  cursor: pointer;
}

.c0.login {
  padding: 9px 51px;
}

.c0:disabled {
  opacity: 0.7;
}

.c0:hover {
  background-color: #c913d6;
}

.c0.categories {
  margin-bottom: 12px;
  padding: 4px 12px;
  margin-right: 12px;
}

.c0.cardItem {
  font-size: 16px;
  line-height: 19px;
  padding: 5px 27px;
}

.c0.order {
  display: -webkit-box;
  display: -webkit-flex;
  display: -ms-flexbox;
  display: flex;
  -webkit-box-pack: center;
  -webkit-justify-content: center;
  -ms-flex-pack: center;
  justify-content: center;
  -webkit-align-items: center;
  -webkit-box-align: center;
  -ms-flex-align: center;
  align-items: center;
}

.c0.goToOrder {
  display: -webkit-box;
  display: -webkit-flex;
  display: -ms-flexbox;
  display: flex;
  -webkit-box-pack: center;
  -webkit-justify-content: center;
  -ms-flex-pack: center;
  justify-content: center;
  -webkit-align-items: center;
  -webkit-box-align: center;
  -ms-flex-align: center;
  align-items: center;
  padding: 13px 54px;
  font-weight: 600;
}

@media screen and (min-width:768px) {
  .c0.categories {
    padding: 8px 23px;
    margin-right: 24px;
  }
}

<div>
    <button
      class="c0"
      type="button"
    />
  </div>,
  "debug": [Function],
  "findAllByAltText": [Function],
  "findAllByDisplayValue": [Function],
  "findAllByLabelText": [Function],
  "findAllByPlaceholderText": [Function],
  "findAllByRole": [Function],
  "findAllByTestId": [Function],
  "findAllByText": [Function],
  "findAllByTitle": [Function],
  "findByAltText": [Function],
  "findByDisplayValue": [Function],
  "findByLabelText": [Function],
  "findByPlaceholderText": [Function],
  "findByRole": [Function],
  "findByTestId": [Function],
  "findByText": [Function],
  "findByTitle": [Function],
  "getAllByAltText": [Function],
  "getAllByDisplayValue": [Function],
  "getAllByLabelText": [Function],
  "getAllByPlaceholderText": [Function],
  "getAllByRole": [Function],
  "getAllByTestId": [Function],
  "getAllByText": [Function],
  "getAllByTitle": [Function],
  "getByAltText": [Function],
  "getByDisplayValue": [Function],
  "getByLabelText": [Function],
  "getByPlaceholderText": [Function],
  "getByRole": [Function],
  "getByTestId": [Function],
  "getByText": [Function],
  "getByTitle": [Function],
  "queryAllByAltText": [Function],
  "queryAllByDisplayValue": [Function],
  "queryAllByLabelText": [Function],
  "queryAllByPlaceholderText": [Function],
  "queryAllByRole": [Function],
  "queryAllByTestId": [Function],
  "queryAllByText": [Function],
  "queryAllByTitle": [Function],
  "queryByAltText": [Function],
  "queryByDisplayValue": [Function],
  "queryByLabelText": [Function],
  "queryByPlaceholderText": [Function],
  "queryByRole": [Function],
  "queryByTestId": [Function],
  "queryByText": [Function],
  "queryByTitle": [Function],
  "rerender": [Function],
  "unmount": [Function],
}
`;
