// Jest Snapshot v1, https://goo.gl/fbAQLP

exports[`test Footer Header snapshot 1`] = `
Object {
  "asFragment": [Function],
  "baseElement": .c1 {
  padding-left: 15px;
  padding-right: 15px;
  margin-left: auto;
  margin-right: auto;
}

.c0 {
  position: fixed;
  top: 0;
  left: 0;
  width: 100%;
  background-color: #6b068a;
  color: white;
  box-shadow: 0 2px 10px rgba(0,0,0,0.25);
  z-index: 10;
}

.c2 {
  margin: 0 auto;
  display: -webkit-box;
  display: -webkit-flex;
  display: -ms-flexbox;
  display: flex;
  padding: 12px 0;
  -webkit-box-pack: justify;
  -webkit-justify-content: space-between;
  -ms-flex-pack: justify;
  justify-content: space-between;
  -webkit-align-items: center;
  -webkit-box-align: center;
  -ms-flex-align: center;
  align-items: center;
  color: white;
}

.c2 .icon {
  height: 62px;
  width: 48px;
}

.c3 {
  position: absolute;
  top: 50%;
  left: 50%;
  -webkit-transform: translate(-50%,-50%);
  -ms-transform: translate(-50%,-50%);
  transform: translate(-50%,-50%);
  font-family: "Mansalva",cursive;
  font-weight: 400;
  font-size: 52px;
  line-height: 57px;
}

.c4 {
  display: -webkit-box;
  display: -webkit-flex;
  display: -ms-flexbox;
  display: flex;
  -webkit-box-pack: justify;
  -webkit-justify-content: space-between;
  -ms-flex-pack: justify;
  justify-content: space-between;
  -webkit-align-items: center;
  -webkit-box-align: center;
  -ms-flex-align: center;
  align-items: center;
}

.c4 hr {
  -webkit-transform: rotate(180deg);
  -ms-transform: rotate(180deg);
  transform: rotate(180deg);
  height: 56px;
  margin-right: 8px;
  margin-left: 8px;
  border: 2px solid #ffffff;
  background-color: white;
  border-radius: 3px;
}

.c6 {
  position: absolute;
  bottom: 10px;
  right: 0px;
  width: 25px;
  height: 25px;
  border-radius: 50%;
  background-color: #350e42;
}

.c6 span {
  display: block;
  color: white;
  font-weight: 600;
  margin-left: 8px;
  font-size: 18px;
}

.c5 {
  position: relative;
}

@media screen and (min-width:480px) {
  .c1 {
    width: 480px;
  }
}

@media screen and (min-width:768px) {
  .c1 {
    width: 768px;
  }
}

@media screen and (min-width:1200px) {
  .c1 {
    width: 1200px;
  }
}

@media screen and (max-width:768px) {
  .c3 {
    font-weight: 400;
    font-size: 32px;
    line-height: 35px;
  }
}

@media screen and (max-width:768px) {
  .c4 hr {
    margin-right: 2px;
    margin-left: 2px;
    height: 40px;
  }
}

<body>
    <div>
      <header
        class="c0"
      >
        <div
          class="c1"
        >
          <div
            class="c2"
          >
            <a
              href="/"
            >
              <svg
                class="icon"
              >
                <use
                  xlink:href="sprite.svg#logo"
                />
              </svg>
            </a>
            <div
              class="c3"
            >
              Simple food
            </div>
            <div
              class="c4"
            >
              <a
                href="/cart"
              >
                <div
                  class="c5"
                >
                  <svg
                    class="icon"
                  >
                    <use
                      xlink:href="sprite.svg#cart"
                    />
                  </svg>
                  <div
                    class="c6"
                  >
                    <span>
                      0
                    </span>
                  </div>
                </div>
              </a>
              <hr />
              <a
                href="/order-history"
              >
                <svg
                  class="icon"
                >
                  <use
                    xlink:href="sprite.svg#note"
                  />
                </svg>
              </a>
            </div>
          </div>
        </div>
      </header>
    </div>
  </body>,
  "container": .c1 {
  padding-left: 15px;
  padding-right: 15px;
  margin-left: auto;
  margin-right: auto;
}

.c0 {
  position: fixed;
  top: 0;
  left: 0;
  width: 100%;
  background-color: #6b068a;
  color: white;
  box-shadow: 0 2px 10px rgba(0,0,0,0.25);
  z-index: 10;
}

.c2 {
  margin: 0 auto;
  display: -webkit-box;
  display: -webkit-flex;
  display: -ms-flexbox;
  display: flex;
  padding: 12px 0;
  -webkit-box-pack: justify;
  -webkit-justify-content: space-between;
  -ms-flex-pack: justify;
  justify-content: space-between;
  -webkit-align-items: center;
  -webkit-box-align: center;
  -ms-flex-align: center;
  align-items: center;
  color: white;
}

.c2 .icon {
  height: 62px;
  width: 48px;
}

.c3 {
  position: absolute;
  top: 50%;
  left: 50%;
  -webkit-transform: translate(-50%,-50%);
  -ms-transform: translate(-50%,-50%);
  transform: translate(-50%,-50%);
  font-family: "Mansalva",cursive;
  font-weight: 400;
  font-size: 52px;
  line-height: 57px;
}

.c4 {
  display: -webkit-box;
  display: -webkit-flex;
  display: -ms-flexbox;
  display: flex;
  -webkit-box-pack: justify;
  -webkit-justify-content: space-between;
  -ms-flex-pack: justify;
  justify-content: space-between;
  -webkit-align-items: center;
  -webkit-box-align: center;
  -ms-flex-align: center;
  align-items: center;
}

.c4 hr {
  -webkit-transform: rotate(180deg);
  -ms-transform: rotate(180deg);
  transform: rotate(180deg);
  height: 56px;
  margin-right: 8px;
  margin-left: 8px;
  border: 2px solid #ffffff;
  background-color: white;
  border-radius: 3px;
}

.c6 {
  position: absolute;
  bottom: 10px;
  right: 0px;
  width: 25px;
  height: 25px;
  border-radius: 50%;
  background-color: #350e42;
}

.c6 span {
  display: block;
  color: white;
  font-weight: 600;
  margin-left: 8px;
  font-size: 18px;
}

.c5 {
  position: relative;
}

@media screen and (min-width:480px) {
  .c1 {
    width: 480px;
  }
}

@media screen and (min-width:768px) {
  .c1 {
    width: 768px;
  }
}

@media screen and (min-width:1200px) {
  .c1 {
    width: 1200px;
  }
}

@media screen and (max-width:768px) {
  .c3 {
    font-weight: 400;
    font-size: 32px;
    line-height: 35px;
  }
}

@media screen and (max-width:768px) {
  .c4 hr {
    margin-right: 2px;
    margin-left: 2px;
    height: 40px;
  }
}

<div>
    <header
      class="c0"
    >
      <div
        class="c1"
      >
        <div
          class="c2"
        >
          <a
            href="/"
          >
            <svg
              class="icon"
            >
              <use
                xlink:href="sprite.svg#logo"
              />
            </svg>
          </a>
          <div
            class="c3"
          >
            Simple food
          </div>
          <div
            class="c4"
          >
            <a
              href="/cart"
            >
              <div
                class="c5"
              >
                <svg
                  class="icon"
                >
                  <use
                    xlink:href="sprite.svg#cart"
                  />
                </svg>
                <div
                  class="c6"
                >
                  <span>
                    0
                  </span>
                </div>
              </div>
            </a>
            <hr />
            <a
              href="/order-history"
            >
              <svg
                class="icon"
              >
                <use
                  xlink:href="sprite.svg#note"
                />
              </svg>
            </a>
          </div>
        </div>
      </div>
    </header>
  </div>,
  "debug": [Function],
  "findAllByAltText": [Function],
  "findAllByDisplayValue": [Function],
  "findAllByLabelText": [Function],
  "findAllByPlaceholderText": [Function],
  "findAllByRole": [Function],
  "findAllByTestId": [Function],
  "findAllByText": [Function],
  "findAllByTitle": [Function],
  "findByAltText": [Function],
  "findByDisplayValue": [Function],
  "findByLabelText": [Function],
  "findByPlaceholderText": [Function],
  "findByRole": [Function],
  "findByTestId": [Function],
  "findByText": [Function],
  "findByTitle": [Function],
  "getAllByAltText": [Function],
  "getAllByDisplayValue": [Function],
  "getAllByLabelText": [Function],
  "getAllByPlaceholderText": [Function],
  "getAllByRole": [Function],
  "getAllByTestId": [Function],
  "getAllByText": [Function],
  "getAllByTitle": [Function],
  "getByAltText": [Function],
  "getByDisplayValue": [Function],
  "getByLabelText": [Function],
  "getByPlaceholderText": [Function],
  "getByRole": [Function],
  "getByTestId": [Function],
  "getByText": [Function],
  "getByTitle": [Function],
  "queryAllByAltText": [Function],
  "queryAllByDisplayValue": [Function],
  "queryAllByLabelText": [Function],
  "queryAllByPlaceholderText": [Function],
  "queryAllByRole": [Function],
  "queryAllByTestId": [Function],
  "queryAllByText": [Function],
  "queryAllByTitle": [Function],
  "queryByAltText": [Function],
  "queryByDisplayValue": [Function],
  "queryByLabelText": [Function],
  "queryByPlaceholderText": [Function],
  "queryByRole": [Function],
  "queryByTestId": [Function],
  "queryByText": [Function],
  "queryByTitle": [Function],
  "rerender": [Function],
  "unmount": [Function],
}
`;
